  ════════════════════════════════════════════
     FLUTTER LAUNCHER ICONS (v0.14.4)                               
  ════════════════════════════════════════════
  
• Creating default icons Android
• Creating adaptive icons Android
• Overwriting the default Android launcher icon with a new icon
• Updating colors.xml with color for adaptive icon background
• Creating mipmap xml file Android
No platform provided

✓ Successfully generated launcher icons
[Android] Creating default splash images
[Android] Creating default android12splash images
[Android] Creating dark mode android12splash images
[Android] Updating launch background(s) with splash image path...
[Android]  - android/app/src/main/res/drawable/launch_background.xml
[Android]  - android/app/src/main/res/drawable-night/launch_background.xml
[Android]  - android/app/src/main/res/drawable-v21/launch_background.xml
[Android]  - android/app/src/main/res/drawable-night-v21/launch_background.xml
[Android] Updating styles...
[Android]  - android/app/src/main/res/values-v31/styles.xml
[Android]  - android/app/src/main/res/values-night-v31/styles.xml
[Android]  - android/app/src/main/res/values/styles.xml
[Android]  - android/app/src/main/res/values-night/styles.xml

✅ Native splash complete.
Now go finish building something awesome! 💪 You rock! 🤘🤩
Like the package? Please give it a 👍 here: https://pub.dev/packages/flutter_native_splash

