Resolving dependencies...
Downloading packages...
+ _fe_analyzer_shared 103.0.0 (108.0.0 available)
+ analyzer 13.3.0 (14.4.0 available)
+ ansicolor 2.0.3
+ archive 4.3.0
+ args 2.7.0
+ async 2.13.1
+ bloc 9.2.1
+ bloc_test 10.0.0
+ boolean_selector 2.1.2
+ build 4.0.11
+ build_config 1.3.3
+ build_daemon 4.1.6
+ build_runner 2.16.1
+ built_collection 5.1.1
+ built_value 8.13.0
+ characters 1.4.1
+ charcode 1.4.0
+ checked_yaml 2.0.4
+ cli_config 0.2.0
+ cli_util 0.4.2 (0.6.0 available)
+ clock 1.1.3
+ code_assets 2.1.0
+ code_builder 4.12.0
+ collection 1.19.1
+ convert 3.1.2
+ coverage 1.15.1
+ crypto 3.0.7
+ cryptography 2.9.0
+ csslib 1.0.2
+ cupertino_ui 1.1.1
+ dart_style 3.1.13
+ diff_match_patch 0.4.1
+ drift 2.35.0
+ drift_dev 2.35.0
+ drift_flutter 0.3.1
+ fake_async 1.3.3
+ ffi 2.2.0
+ file 7.0.1
+ fixnum 1.1.1
+ flutter 0.0.0 from sdk flutter
+ flutter_bloc 9.1.1
+ flutter_launcher_icons 0.14.4
+ flutter_lints 5.0.0 (6.0.0 available)
+ flutter_localizations 0.0.0 from sdk flutter
+ flutter_native_splash 2.4.8
+ flutter_test 0.0.0 from sdk flutter
+ flutter_web_plugins 0.0.0 from sdk flutter
+ frontend_server_client 4.0.0
+ glob 2.2.0
+ go_router 18.0.1
+ graphs 2.3.2
+ hooks 2.2.0
+ html 0.15.7
+ http_multi_server 3.2.2
+ http_parser 4.1.2
+ image 4.10.1
+ intl 0.20.3
+ io 1.1.0
+ jni 1.0.3
+ jni_flutter 1.0.3
+ jni_util 1.0.0
+ json_annotation 4.12.0
+ leak_tracker 11.0.2
+ leak_tracker_flutter_testing 3.0.10
+ leak_tracker_testing 3.0.2
+ lints 5.1.1 (6.1.0 available)
+ logging 1.3.0
+ matcher 0.12.20
+ material_color_utilities 0.13.0 (0.13.1 available)
+ material_ui 1.4.0
+ meta 1.19.0
+ mime 2.1.0
+ mocktail 1.0.5
+ native_toolchain_c 0.19.5
+ nested 1.0.0
+ node_preamble 2.0.2
+ objective_c 9.6.0
+ package_config 2.2.0 (3.0.0 available)
+ path 1.9.1
+ path_provider 2.1.6
+ path_provider_android 2.3.1
+ path_provider_foundation 2.6.0
+ path_provider_linux 2.2.2
+ path_provider_platform_interface 2.1.3
+ path_provider_windows 2.3.0
+ petitparser 7.0.2
+ pigeon 29.0.4
+ platform 3.2.0
+ plugin_platform_interface 2.1.8
+ pool 1.5.3
+ posix 6.5.2
+ process 5.0.6
+ provider 6.1.5+1
+ pub_semver 2.2.1
+ pubspec_parse 1.6.0
+ qr 3.0.2 (4.0.0 available)
+ qr_flutter 4.1.0
+ recase 4.1.0
+ record_use 1.1.1
+ shelf 1.4.2
+ shelf_packages_handler 3.0.2
+ shelf_static 1.1.3
+ shelf_web_socket 3.0.0
+ sky_engine 0.0.0 from sdk flutter
+ source_gen 4.2.4 (4.3.0 available)
+ source_map_stack_trace 2.1.2
+ source_maps 0.10.14
+ source_span 1.10.2
+ sqlcipher_flutter_libs 0.7.0+eol
+ sqlite3 3.6.0
+ sqlite3_flutter_libs 0.6.0+eol
+ sqlparser 0.45.0
+ stack_trace 1.12.2
+ stream_channel 2.1.4
+ stream_transform 2.1.2
+ string_scanner 1.4.1
+ term_glyph 1.2.2
+ test 1.31.1 (1.32.0 available)
+ test_api 0.7.12 (0.7.14 available)
+ test_core 0.6.18 (0.6.20 available)
+ typed_data 1.4.0
+ universal_io 2.3.1
+ url_launcher 6.3.2
+ url_launcher_android 6.3.33
+ url_launcher_ios 6.4.2
+ url_launcher_linux 3.2.3
+ url_launcher_macos 3.2.6
+ url_launcher_platform_interface 2.3.2
+ url_launcher_web 2.4.3
+ url_launcher_windows 3.1.6
+ uuid 4.6.0
+ vector_math 2.4.3
+ vm_service 15.3.0
+ watcher 1.2.1
+ web 1.1.1
+ web_socket 1.0.1
+ web_socket_channel 3.0.3
+ webkit_inspection_protocol 1.2.1
+ xdg_directories 1.1.0
+ xml 7.0.1
+ yaml 3.1.4
+ yaml_edit 2.2.4
Changed 142 dependencies!
12 packages have newer versions incompatible with dependency constraints.
Try `flutter pub outdated` for more information.
Upgrading analysis_options.yaml to exclude build and platform directories.
